# Exercise: C7  Capstone 7 (c7_engagement)
# Command:  course capstone 7
# Model:    none (no model needed)
# Date:     2026-10-08 23:14:44 PDT
# Exit code: 0
# Seconds:  1.2
#-------------------------------------------------------------------------------
Generating capstone 7 sample data...
Wrote handovers.jsonl: 30 notes, 13 messy.
Running solutions/capstones/c7_engagement/engagement.py
# Engagement record: Bayview Health

## Brief

- **Users:** nurses on wards 4B and 5A at the 07:00 and 19:00 shift changes
- **Output:** a structured handover draft per patient (SBAR) with each fact linked to the chart
- **Metric:** minutes of handover per patient: 6.5 -> 4.0 (observed 120 handovers on both wards, 2-15 September)
- **Owner:** Marcus Hale, VP Nursing
- **Brief check:** ready to build

## Scope

- **First slice:** Draft the SBAR handover from the shift's notes (score 52.5)
- Later: Flag what changed since the last shift
- Not now: Page the doctor when vitals worsen (needs page_doctors, not allowed yet)
- Not now: Write the handover into the record (needs core_system_write, not allowed yet)

## Design review

- No violations of the customer's rules.

## Pilot gate (week 6)

- **Decision:** promote (success 93%-98%, gain 32%)
- **Stage:** general release

## Handoff

- Everything the customer needs is in place.

## For the product team

- medical abbreviation expansion: 2 customer(s) -> build it into the product
- saml sign-in: 1 customer(s) -> keep it in the field kit

Wrote ENGAGEMENT.md (decision at week 6: promote).
