# Exercise: 27.7  Evaluate in production
# Command:  python /solutions/exercises/ex27_7_online.py
# Model:    none (no model needed)
# Date:     2026-09-26 21:33:16 UTC
# Exit code: 0
# Seconds:  1.7
#-------------------------------------------------------------------------------
day  1: sample  24, pass rate 96%
day  2: sample  27, pass rate 100%
day  3: sample  22, pass rate 89%
day  4: sample  29, pass rate 87%
day  5: sample  23, pass rate 89%
day  6: sample  28, pass rate 100%
day  7: sample  28, pass rate 100%
day  8: sample  26, pass rate 90%
day  9: sample  34, pass rate 100%
day 10: sample  21, pass rate 90%
day 11: sample  28, pass rate 91%
day 12: sample  31, pass rate 65%  DRIFT
day 13: sample  40, pass rate 81%
day 14: sample  32, pass rate 69%  DRIFT
