# Exercise: 19.4  Two workers
# Command:  python /solutions/exercises/ex19_4_workers.py
# Model:    none (no model needed)
# Date:     2026-09-26 21:17:56 UTC
# Exit code: 0
# Seconds:  0.6
#-------------------------------------------------------------------------------
Job 12b2c772: done
  1. create_account   done     tries=1 account c0@x.io created
  2. charge           done     tries=1 charged $10
Job 13d521e4: done
  1. create_account   done     tries=1 account c1@x.io created
  2. charge           done     tries=1 charged $10
Job 7f00cd2f: done
  1. create_account   done     tries=1 account c2@x.io created
  2. charge           done     tries=1 charged $10
Job 87e3e0b2: done
  1. create_account   done     tries=1 account c3@x.io created
  2. charge           done     tries=1 charged $10
Job a644977f: done
  1. create_account   done     tries=1 account c4@x.io created
  2. charge           done     tries=1 charged $10
finished by: {'12b2c772': 'w2', '13d521e4': 'w2', '7f00cd2f': 'w2', '87e3e0b2': 'w2', 'a644977f': 'w2'}
